/Library/Developer/CommandLineTools/usr/bin/python3: No module named gunicorn
/Library/Developer/CommandLineTools/usr/bin/python3: No module named gunicorn
/Library/Developer/CommandLineTools/usr/bin/python3: No module named gunicorn
/Library/Developer/CommandLineTools/usr/bin/python3: No module named gunicorn
/Library/Developer/CommandLineTools/usr/bin/python3: No module named gunicorn
/Library/Developer/CommandLineTools/usr/bin/python3: No module named gunicorn
[2026-03-27 21:55:52 -0500] [39024] [INFO] Starting gunicorn 25.1.0
[2026-03-27 21:55:52 -0500] [39024] [INFO] Listening at: http://127.0.0.1:5001 (39024)
[2026-03-27 21:55:52 -0500] [39024] [INFO] Using worker: gthread
[2026-03-27 21:55:52 -0500] [39024] [INFO] Control socket listening at /Users/ethanjmathew/macro-tracker/gunicorn.ctl
[2026-03-27 21:55:52 -0500] [39025] [INFO] Booting worker with pid: 39025
[2026-03-27 21:56:05 -0500] [39024] [INFO] Handling signal: term
[2026-03-27 21:56:05 -0500] [39025] [INFO] Worker exiting (pid: 39025)
[2026-03-27 21:56:06 -0500] [39024] [INFO] Shutting down: Master
[2026-03-27 21:56:06 -0500] [39028] [INFO] Starting gunicorn 25.1.0
[2026-03-27 21:56:06 -0500] [39028] [INFO] Listening at: http://127.0.0.1:5001 (39028)
[2026-03-27 21:56:06 -0500] [39028] [INFO] Using worker: gthread
[2026-03-27 21:56:06 -0500] [39028] [INFO] Control socket listening at /Users/ethanjmathew/macro-tracker/gunicorn.ctl
[2026-03-27 21:56:06 -0500] [39029] [INFO] Booting worker with pid: 39029
[2026-03-28 15:29:40 -0500] [39028] [INFO] Handling signal: term
[2026-03-28 15:29:45,470] ERROR in app: Exception on /api/menu [GET]
Traceback (most recent call last):
  File "/Library/Frameworks/Python.framework/Versions/3.14/lib/python3.14/site-packages/flask/app.py", line 1511, in wsgi_app
    response = self.full_dispatch_request()
  File "/Library/Frameworks/Python.framework/Versions/3.14/lib/python3.14/site-packages/flask/app.py", line 919, in full_dispatch_request
    rv = self.handle_user_exception(e)
  File "/Library/Frameworks/Python.framework/Versions/3.14/lib/python3.14/site-packages/flask/app.py", line 917, in full_dispatch_request
    rv = self.dispatch_request()
  File "/Library/Frameworks/Python.framework/Versions/3.14/lib/python3.14/site-packages/flask/app.py", line 902, in dispatch_request
    return self.ensure_sync(self.view_functions[rule.endpoint])(**view_args)  # type: ignore[no-any-return]
           ~~~~~~~~~~~~~~~~~~~~~~~~~~~~~~~~~~~~~~~~~~~~~~~~~~~~^^^^^^^^^^^^^
  File "/Users/ethanjmathew/macro-tracker/app.py", line 203, in api_menu
    payload = get_menu_service().get_menu(date=date, refresh=refresh)
  File "/Users/ethanjmathew/macro-tracker/menu_service.py", line 39, in get_menu
    document = self.provider.fetch_menu(location, normalized_date)
  File "/Users/ethanjmathew/macro-tracker/menu_provider.py", line 176, in fetch_menu
    context.close()
    ~~~~~~~~~~~~~^^
  File "/Library/Frameworks/Python.framework/Versions/3.14/lib/python3.14/site-packages/playwright/sync_api/_generated.py", line 13481, in close
    return mapping.from_maybe_impl(self._sync(self._impl_obj.close(reason=reason)))
                                   ~~~~~~~~~~^^^^^^^^^^^^^^^^^^^^^^^^^^^^^^^^^^^^^
  File "/Library/Frameworks/Python.framework/Versions/3.14/lib/python3.14/site-packages/playwright/_impl/_sync_base.py", line 115, in _sync
    return task.result()
           ~~~~~~~~~~~^^
  File "/Library/Frameworks/Python.framework/Versions/3.14/lib/python3.14/site-packages/playwright/_impl/_browser_context.py", line 599, in close
    await self._channel.send("close", {"reason": reason})
  File "/Library/Frameworks/Python.framework/Versions/3.14/lib/python3.14/site-packages/playwright/_impl/_connection.py", line 61, in send
    return await self._connection.wrap_api_call(
           ^^^^^^^^^^^^^^^^^^^^^^^^^^^^^^^^^^^^^
    ...<2 lines>...
    )
    ^
  File "/Library/Frameworks/Python.framework/Versions/3.14/lib/python3.14/site-packages/playwright/_impl/_connection.py", line 528, in wrap_api_call
    raise rewrite_error(error, f"{parsed_st['apiName']}: {error}") from None
playwright._impl._errors.TargetClosedError: BrowserContext.close: Target page, context or browser has been closed
[2026-03-28 15:29:45,471] ERROR in app: Exception on /api/menu [GET]
Traceback (most recent call last):
  File "/Library/Frameworks/Python.framework/Versions/3.14/lib/python3.14/site-packages/flask/app.py", line 1511, in wsgi_app
    response = self.full_dispatch_request()
  File "/Library/Frameworks/Python.framework/Versions/3.14/lib/python3.14/site-packages/flask/app.py", line 919, in full_dispatch_request
    rv = self.handle_user_exception(e)
  File "/Library/Frameworks/Python.framework/Versions/3.14/lib/python3.14/site-packages/flask/app.py", line 917, in full_dispatch_request
    rv = self.dispatch_request()
  File "/Library/Frameworks/Python.framework/Versions/3.14/lib/python3.14/site-packages/flask/app.py", line 902, in dispatch_request
    return self.ensure_sync(self.view_functions[rule.endpoint])(**view_args)  # type: ignore[no-any-return]
           ~~~~~~~~~~~~~~~~~~~~~~~~~~~~~~~~~~~~~~~~~~~~~~~~~~~~^^^^^^^^^^^^^
  File "/Users/ethanjmathew/macro-tracker/app.py", line 203, in api_menu
    payload = get_menu_service().get_menu(date=date, refresh=refresh)
  File "/Users/ethanjmathew/macro-tracker/menu_service.py", line 39, in get_menu
    document = self.provider.fetch_menu(location, normalized_date)
  File "/Users/ethanjmathew/macro-tracker/menu_provider.py", line 176, in fetch_menu
    context.close()
    ~~~~~~~~~~~~~^^
  File "/Library/Frameworks/Python.framework/Versions/3.14/lib/python3.14/site-packages/playwright/sync_api/_generated.py", line 13481, in close
    return mapping.from_maybe_impl(self._sync(self._impl_obj.close(reason=reason)))
                                   ~~~~~~~~~~^^^^^^^^^^^^^^^^^^^^^^^^^^^^^^^^^^^^^
  File "/Library/Frameworks/Python.framework/Versions/3.14/lib/python3.14/site-packages/playwright/_impl/_sync_base.py", line 115, in _sync
    return task.result()
           ~~~~~~~~~~~^^
  File "/Library/Frameworks/Python.framework/Versions/3.14/lib/python3.14/site-packages/playwright/_impl/_browser_context.py", line 599, in close
    await self._channel.send("close", {"reason": reason})
  File "/Library/Frameworks/Python.framework/Versions/3.14/lib/python3.14/site-packages/playwright/_impl/_connection.py", line 61, in send
    return await self._connection.wrap_api_call(
           ^^^^^^^^^^^^^^^^^^^^^^^^^^^^^^^^^^^^^
    ...<2 lines>...
    )
    ^
  File "/Library/Frameworks/Python.framework/Versions/3.14/lib/python3.14/site-packages/playwright/_impl/_connection.py", line 528, in wrap_api_call
    raise rewrite_error(error, f"{parsed_st['apiName']}: {error}") from None
playwright._impl._errors.TargetClosedError: BrowserContext.close: Target page, context or browser has been closed
[2026-03-28 15:29:45,475] ERROR in app: Exception on /api/menu [GET]
Traceback (most recent call last):
  File "/Library/Frameworks/Python.framework/Versions/3.14/lib/python3.14/site-packages/flask/app.py", line 1511, in wsgi_app
    response = self.full_dispatch_request()
  File "/Library/Frameworks/Python.framework/Versions/3.14/lib/python3.14/site-packages/flask/app.py", line 919, in full_dispatch_request
    rv = self.handle_user_exception(e)
  File "/Library/Frameworks/Python.framework/Versions/3.14/lib/python3.14/site-packages/flask/app.py", line 917, in full_dispatch_request
    rv = self.dispatch_request()
  File "/Library/Frameworks/Python.framework/Versions/3.14/lib/python3.14/site-packages/flask/app.py", line 902, in dispatch_request
    return self.ensure_sync(self.view_functions[rule.endpoint])(**view_args)  # type: ignore[no-any-return]
           ~~~~~~~~~~~~~~~~~~~~~~~~~~~~~~~~~~~~~~~~~~~~~~~~~~~~^^^^^^^^^^^^^
  File "/Users/ethanjmathew/macro-tracker/app.py", line 203, in api_menu
    payload = get_menu_service().get_menu(date=date, refresh=refresh)
  File "/Users/ethanjmathew/macro-tracker/menu_service.py", line 39, in get_menu
    document = self.provider.fetch_menu(location, normalized_date)
  File "/Users/ethanjmathew/macro-tracker/menu_provider.py", line 176, in fetch_menu
    context.close()
    ~~~~~~~~~~~~~^^
  File "/Library/Frameworks/Python.framework/Versions/3.14/lib/python3.14/site-packages/playwright/sync_api/_generated.py", line 13481, in close
    return mapping.from_maybe_impl(self._sync(self._impl_obj.close(reason=reason)))
                                   ~~~~~~~~~~^^^^^^^^^^^^^^^^^^^^^^^^^^^^^^^^^^^^^
  File "/Library/Frameworks/Python.framework/Versions/3.14/lib/python3.14/site-packages/playwright/_impl/_sync_base.py", line 115, in _sync
    return task.result()
           ~~~~~~~~~~~^^
  File "/Library/Frameworks/Python.framework/Versions/3.14/lib/python3.14/site-packages/playwright/_impl/_browser_context.py", line 599, in close
    await self._channel.send("close", {"reason": reason})
  File "/Library/Frameworks/Python.framework/Versions/3.14/lib/python3.14/site-packages/playwright/_impl/_connection.py", line 61, in send
    return await self._connection.wrap_api_call(
           ^^^^^^^^^^^^^^^^^^^^^^^^^^^^^^^^^^^^^
    ...<2 lines>...
    )
    ^
  File "/Library/Frameworks/Python.framework/Versions/3.14/lib/python3.14/site-packages/playwright/_impl/_connection.py", line 528, in wrap_api_call
    raise rewrite_error(error, f"{parsed_st['apiName']}: {error}") from None
playwright._impl._errors.TargetClosedError: BrowserContext.close: Target page, context or browser has been closed
[2026-03-28 15:29:45,475] ERROR in app: Exception on /api/menu [GET]
Traceback (most recent call last):
  File "/Library/Frameworks/Python.framework/Versions/3.14/lib/python3.14/site-packages/flask/app.py", line 1511, in wsgi_app
    response = self.full_dispatch_request()
  File "/Library/Frameworks/Python.framework/Versions/3.14/lib/python3.14/site-packages/flask/app.py", line 919, in full_dispatch_request
    rv = self.handle_user_exception(e)
  File "/Library/Frameworks/Python.framework/Versions/3.14/lib/python3.14/site-packages/flask/app.py", line 917, in full_dispatch_request
    rv = self.dispatch_request()
  File "/Library/Frameworks/Python.framework/Versions/3.14/lib/python3.14/site-packages/flask/app.py", line 902, in dispatch_request
    return self.ensure_sync(self.view_functions[rule.endpoint])(**view_args)  # type: ignore[no-any-return]
           ~~~~~~~~~~~~~~~~~~~~~~~~~~~~~~~~~~~~~~~~~~~~~~~~~~~~^^^^^^^^^^^^^
  File "/Users/ethanjmathew/macro-tracker/app.py", line 203, in api_menu
    payload = get_menu_service().get_menu(date=date, refresh=refresh)
  File "/Users/ethanjmathew/macro-tracker/menu_service.py", line 39, in get_menu
    document = self.provider.fetch_menu(location, normalized_date)
  File "/Users/ethanjmathew/macro-tracker/menu_provider.py", line 176, in fetch_menu
    context.close()
    ~~~~~~~~~~~~~^^
  File "/Library/Frameworks/Python.framework/Versions/3.14/lib/python3.14/site-packages/playwright/sync_api/_generated.py", line 13481, in close
    return mapping.from_maybe_impl(self._sync(self._impl_obj.close(reason=reason)))
                                   ~~~~~~~~~~^^^^^^^^^^^^^^^^^^^^^^^^^^^^^^^^^^^^^
  File "/Library/Frameworks/Python.framework/Versions/3.14/lib/python3.14/site-packages/playwright/_impl/_sync_base.py", line 115, in _sync
    return task.result()
           ~~~~~~~~~~~^^
  File "/Library/Frameworks/Python.framework/Versions/3.14/lib/python3.14/site-packages/playwright/_impl/_browser_context.py", line 599, in close
    await self._channel.send("close", {"reason": reason})
  File "/Library/Frameworks/Python.framework/Versions/3.14/lib/python3.14/site-packages/playwright/_impl/_connection.py", line 61, in send
    return await self._connection.wrap_api_call(
           ^^^^^^^^^^^^^^^^^^^^^^^^^^^^^^^^^^^^^
    ...<2 lines>...
    )
    ^
  File "/Library/Frameworks/Python.framework/Versions/3.14/lib/python3.14/site-packages/playwright/_impl/_connection.py", line 528, in wrap_api_call
    raise rewrite_error(error, f"{parsed_st['apiName']}: {error}") from None
playwright._impl._errors.TargetClosedError: BrowserContext.close: Target page, context or browser has been closed
[2026-03-28 15:29:45,477] ERROR in app: Exception on /api/menu [GET]
Traceback (most recent call last):
  File "/Library/Frameworks/Python.framework/Versions/3.14/lib/python3.14/site-packages/flask/app.py", line 1511, in wsgi_app
    response = self.full_dispatch_request()
  File "/Library/Frameworks/Python.framework/Versions/3.14/lib/python3.14/site-packages/flask/app.py", line 919, in full_dispatch_request
    rv = self.handle_user_exception(e)
  File "/Library/Frameworks/Python.framework/Versions/3.14/lib/python3.14/site-packages/flask/app.py", line 917, in full_dispatch_request
    rv = self.dispatch_request()
  File "/Library/Frameworks/Python.framework/Versions/3.14/lib/python3.14/site-packages/flask/app.py", line 902, in dispatch_request
    return self.ensure_sync(self.view_functions[rule.endpoint])(**view_args)  # type: ignore[no-any-return]
           ~~~~~~~~~~~~~~~~~~~~~~~~~~~~~~~~~~~~~~~~~~~~~~~~~~~~^^^^^^^^^^^^^
  File "/Users/ethanjmathew/macro-tracker/app.py", line 203, in api_menu
    payload = get_menu_service().get_menu(date=date, refresh=refresh)
  File "/Users/ethanjmathew/macro-tracker/menu_service.py", line 39, in get_menu
    document = self.provider.fetch_menu(location, normalized_date)
  File "/Users/ethanjmathew/macro-tracker/menu_provider.py", line 176, in fetch_menu
    context.close()
    ~~~~~~~~~~~~~^^
  File "/Library/Frameworks/Python.framework/Versions/3.14/lib/python3.14/site-packages/playwright/sync_api/_generated.py", line 13481, in close
    return mapping.from_maybe_impl(self._sync(self._impl_obj.close(reason=reason)))
                                   ~~~~~~~~~~^^^^^^^^^^^^^^^^^^^^^^^^^^^^^^^^^^^^^
  File "/Library/Frameworks/Python.framework/Versions/3.14/lib/python3.14/site-packages/playwright/_impl/_sync_base.py", line 115, in _sync
    return task.result()
           ~~~~~~~~~~~^^
  File "/Library/Frameworks/Python.framework/Versions/3.14/lib/python3.14/site-packages/playwright/_impl/_browser_context.py", line 599, in close
    await self._channel.send("close", {"reason": reason})
  File "/Library/Frameworks/Python.framework/Versions/3.14/lib/python3.14/site-packages/playwright/_impl/_connection.py", line 61, in send
    return await self._connection.wrap_api_call(
           ^^^^^^^^^^^^^^^^^^^^^^^^^^^^^^^^^^^^^
    ...<2 lines>...
    )
    ^
  File "/Library/Frameworks/Python.framework/Versions/3.14/lib/python3.14/site-packages/playwright/_impl/_connection.py", line 528, in wrap_api_call
    raise rewrite_error(error, f"{parsed_st['apiName']}: {error}") from None
playwright._impl._errors.TargetClosedError: BrowserContext.close: Target page, context or browser has been closed
[2026-03-28 15:29:45,492] ERROR in app: Exception on /api/menu [GET]
Traceback (most recent call last):
  File "/Library/Frameworks/Python.framework/Versions/3.14/lib/python3.14/site-packages/flask/app.py", line 1511, in wsgi_app
    response = self.full_dispatch_request()
  File "/Library/Frameworks/Python.framework/Versions/3.14/lib/python3.14/site-packages/flask/app.py", line 919, in full_dispatch_request
    rv = self.handle_user_exception(e)
  File "/Library/Frameworks/Python.framework/Versions/3.14/lib/python3.14/site-packages/flask/app.py", line 917, in full_dispatch_request
    rv = self.dispatch_request()
  File "/Library/Frameworks/Python.framework/Versions/3.14/lib/python3.14/site-packages/flask/app.py", line 902, in dispatch_request
    return self.ensure_sync(self.view_functions[rule.endpoint])(**view_args)  # type: ignore[no-any-return]
           ~~~~~~~~~~~~~~~~~~~~~~~~~~~~~~~~~~~~~~~~~~~~~~~~~~~~^^^^^^^^^^^^^
  File "/Users/ethanjmathew/macro-tracker/app.py", line 203, in api_menu
    payload = get_menu_service().get_menu(date=date, refresh=refresh)
  File "/Users/ethanjmathew/macro-tracker/menu_service.py", line 39, in get_menu
    document = self.provider.fetch_menu(location, normalized_date)
  File "/Users/ethanjmathew/macro-tracker/menu_provider.py", line 176, in fetch_menu
    context.close()
    ~~~~~~~~~~~~~^^
  File "/Library/Frameworks/Python.framework/Versions/3.14/lib/python3.14/site-packages/playwright/sync_api/_generated.py", line 13481, in close
    return mapping.from_maybe_impl(self._sync(self._impl_obj.close(reason=reason)))
                                   ~~~~~~~~~~^^^^^^^^^^^^^^^^^^^^^^^^^^^^^^^^^^^^^
  File "/Library/Frameworks/Python.framework/Versions/3.14/lib/python3.14/site-packages/playwright/_impl/_sync_base.py", line 115, in _sync
    return task.result()
           ~~~~~~~~~~~^^
  File "/Library/Frameworks/Python.framework/Versions/3.14/lib/python3.14/site-packages/playwright/_impl/_browser_context.py", line 599, in close
    await self._channel.send("close", {"reason": reason})
  File "/Library/Frameworks/Python.framework/Versions/3.14/lib/python3.14/site-packages/playwright/_impl/_connection.py", line 61, in send
    return await self._connection.wrap_api_call(
           ^^^^^^^^^^^^^^^^^^^^^^^^^^^^^^^^^^^^^
    ...<2 lines>...
    )
    ^
  File "/Library/Frameworks/Python.framework/Versions/3.14/lib/python3.14/site-packages/playwright/_impl/_connection.py", line 528, in wrap_api_call
    raise rewrite_error(error, f"{parsed_st['apiName']}: {error}") from None
playwright._impl._errors.TargetClosedError: BrowserContext.close: Target page, context or browser has been closed
[2026-03-28 15:29:45,493] ERROR in app: Exception on /api/menu [GET]
Traceback (most recent call last):
  File "/Library/Frameworks/Python.framework/Versions/3.14/lib/python3.14/site-packages/flask/app.py", line 1511, in wsgi_app
    response = self.full_dispatch_request()
  File "/Library/Frameworks/Python.framework/Versions/3.14/lib/python3.14/site-packages/flask/app.py", line 919, in full_dispatch_request
    rv = self.handle_user_exception(e)
  File "/Library/Frameworks/Python.framework/Versions/3.14/lib/python3.14/site-packages/flask/app.py", line 917, in full_dispatch_request
    rv = self.dispatch_request()
  File "/Library/Frameworks/Python.framework/Versions/3.14/lib/python3.14/site-packages/flask/app.py", line 902, in dispatch_request
    return self.ensure_sync(self.view_functions[rule.endpoint])(**view_args)  # type: ignore[no-any-return]
           ~~~~~~~~~~~~~~~~~~~~~~~~~~~~~~~~~~~~~~~~~~~~~~~~~~~~^^^^^^^^^^^^^
  File "/Users/ethanjmathew/macro-tracker/app.py", line 203, in api_menu
    payload = get_menu_service().get_menu(date=date, refresh=refresh)
  File "/Users/ethanjmathew/macro-tracker/menu_service.py", line 39, in get_menu
    document = self.provider.fetch_menu(location, normalized_date)
  File "/Users/ethanjmathew/macro-tracker/menu_provider.py", line 176, in fetch_menu
    context.close()
    ~~~~~~~~~~~~~^^
  File "/Library/Frameworks/Python.framework/Versions/3.14/lib/python3.14/site-packages/playwright/sync_api/_generated.py", line 13481, in close
    return mapping.from_maybe_impl(self._sync(self._impl_obj.close(reason=reason)))
                                   ~~~~~~~~~~^^^^^^^^^^^^^^^^^^^^^^^^^^^^^^^^^^^^^
  File "/Library/Frameworks/Python.framework/Versions/3.14/lib/python3.14/site-packages/playwright/_impl/_sync_base.py", line 115, in _sync
    return task.result()
           ~~~~~~~~~~~^^
  File "/Library/Frameworks/Python.framework/Versions/3.14/lib/python3.14/site-packages/playwright/_impl/_browser_context.py", line 599, in close
    await self._channel.send("close", {"reason": reason})
  File "/Library/Frameworks/Python.framework/Versions/3.14/lib/python3.14/site-packages/playwright/_impl/_connection.py", line 61, in send
    return await self._connection.wrap_api_call(
           ^^^^^^^^^^^^^^^^^^^^^^^^^^^^^^^^^^^^^
    ...<2 lines>...
    )
    ^
  File "/Library/Frameworks/Python.framework/Versions/3.14/lib/python3.14/site-packages/playwright/_impl/_connection.py", line 528, in wrap_api_call
    raise rewrite_error(error, f"{parsed_st['apiName']}: {error}") from None
playwright._impl._errors.TargetClosedError: BrowserContext.close: Target page, context or browser has been closed
[2026-03-28 15:29:45,495] ERROR in app: Exception on /api/menu [GET]
Traceback (most recent call last):
  File "/Library/Frameworks/Python.framework/Versions/3.14/lib/python3.14/site-packages/flask/app.py", line 1511, in wsgi_app
    response = self.full_dispatch_request()
  File "/Library/Frameworks/Python.framework/Versions/3.14/lib/python3.14/site-packages/flask/app.py", line 919, in full_dispatch_request
    rv = self.handle_user_exception(e)
  File "/Library/Frameworks/Python.framework/Versions/3.14/lib/python3.14/site-packages/flask/app.py", line 917, in full_dispatch_request
    rv = self.dispatch_request()
  File "/Library/Frameworks/Python.framework/Versions/3.14/lib/python3.14/site-packages/flask/app.py", line 902, in dispatch_request
    return self.ensure_sync(self.view_functions[rule.endpoint])(**view_args)  # type: ignore[no-any-return]
           ~~~~~~~~~~~~~~~~~~~~~~~~~~~~~~~~~~~~~~~~~~~~~~~~~~~~^^^^^^^^^^^^^
  File "/Users/ethanjmathew/macro-tracker/app.py", line 203, in api_menu
    payload = get_menu_service().get_menu(date=date, refresh=refresh)
  File "/Users/ethanjmathew/macro-tracker/menu_service.py", line 39, in get_menu
    document = self.provider.fetch_menu(location, normalized_date)
  File "/Users/ethanjmathew/macro-tracker/menu_provider.py", line 176, in fetch_menu
    context.close()
    ~~~~~~~~~~~~~^^
  File "/Library/Frameworks/Python.framework/Versions/3.14/lib/python3.14/site-packages/playwright/sync_api/_generated.py", line 13481, in close
    return mapping.from_maybe_impl(self._sync(self._impl_obj.close(reason=reason)))
                                   ~~~~~~~~~~^^^^^^^^^^^^^^^^^^^^^^^^^^^^^^^^^^^^^
  File "/Library/Frameworks/Python.framework/Versions/3.14/lib/python3.14/site-packages/playwright/_impl/_sync_base.py", line 115, in _sync
    return task.result()
           ~~~~~~~~~~~^^
  File "/Library/Frameworks/Python.framework/Versions/3.14/lib/python3.14/site-packages/playwright/_impl/_browser_context.py", line 599, in close
    await self._channel.send("close", {"reason": reason})
  File "/Library/Frameworks/Python.framework/Versions/3.14/lib/python3.14/site-packages/playwright/_impl/_connection.py", line 61, in send
    return await self._connection.wrap_api_call(
           ^^^^^^^^^^^^^^^^^^^^^^^^^^^^^^^^^^^^^
    ...<2 lines>...
    )
    ^
  File "/Library/Frameworks/Python.framework/Versions/3.14/lib/python3.14/site-packages/playwright/_impl/_connection.py", line 528, in wrap_api_call
    raise rewrite_error(error, f"{parsed_st['apiName']}: {error}") from None
playwright._impl._errors.TargetClosedError: BrowserContext.close: Target page, context or browser has been closed
[2026-03-28 15:29:45 -0500] [39029] [INFO] Worker exiting (pid: 39029)
[31m[1mWARNING: This is a development server. Do not use it in a production deployment. Use a production WSGI server instead.[0m
 * Running on http://127.0.0.1:5001
[33mPress CTRL+C to quit[0m
